@FILES /husky/files/24350424.all
/husky/files/205/echolist/*
/husky/files/24000/*
/husky/files/aed/beta/*
/husky/files/ael/beta/*
/husky/files/aeo/beta/*
/husky/files/aew/beta/*
/husky/files/aex/beta/*
/husky/files/aquaed/*
/husky/files/bbs/binkley/*
/husky/files/bbs/fastecho/*
/husky/files/bbs/maximus/*
/husky/files/binkley/dev/*
/husky/files/bland/ip/fwd/*
/husky/files/blc/antivir/*
/husky/files/blc/astropic/*
/husky/files/blc/eropics/*
/husky/files/blc/fld/*
/husky/files/blc/info/*
/husky/files/blc/isoft/beta/*
/husky/files/blc/newfiles/*
/husky/files/blc/pic/*
/husky/files/blc/prosoft/*
/husky/files/btxebsrc/*
/husky/files/el/node/*
/husky/files/el/point/*
/husky/files/fastecho/*
/husky/files/fidonews/*
/husky/files/filelist//2476/419/*
/husky/files/ftsc/*
/husky/files/gfd/dev/edm/*
/husky/files/gfd/dev/info/*
/husky/files/hsim/beta/*
/husky/files/i/binkd/*
/husky/files/i/elektr/*
/husky/files/i/netze/*
/husky/files/i/util/*
/husky/files/ie/techn/*
/husky/files/inodelst/*
/husky/files/ldk/files/*
/husky/files/ldk/intern/*
/husky/files/ldk/ldkom/*
/husky/files/ldk/nodelist/*
/husky/files/ldk/verein/*
/husky/files/lfn/nodelist/*
/husky/files/lin44/alpha/*
/husky/files/lin44/app/arc/*
/husky/files/lin44/app/demo/*
/husky/files/lin44/app/edit/*
/husky/files/lin44/app/misc/*
/husky/files/lin44/app/multimed/ia/*
/husky/files/lin44/app/network/*
/husky/files/lin44/app/office/*
/husky/files/lin44/devel/c/*
/husky/files/lin44/devel/compiler/*
/husky/files/lin44/devel/interpre/ter/*
/husky/files/lin44/devel/java/*
/husky/files/lin44/devel/libs/*
/husky/files/lin44/devel/misc/*
/husky/files/lin44/devel/perl/*
/husky/files/lin44/devel/tools/*
/husky/files/lin44/devel/translat/or/*
/husky/files/lin44/dfue/fido/*
/husky/files/lin44/dfue/misc/*
/husky/files/lin44/doc/*
/husky/files/lin44/emacs/*
/husky/files/lin44/emulator/*
/husky/files/lin44/emulator/patch/*
/husky/files/lin44/emulator/patches/*
/husky/files/lin44/filesys/*
/husky/files/lin44/gnu/*
/husky/files/lin44/grafik/*
/husky/files/lin44/kde/*
/husky/files/lin44/mail/bbs/*
/husky/files/lin44/mail/coord/*
/husky/files/lin44/mail/develop/*
/husky/files/lin44/mail/hardware/*
/husky/files/lin44/mail/netzwerk/*
/husky/files/lin44/mail/office/*
/husky/files/lin44/mail/setup/*
/husky/files/lin44/mail/software/*
/husky/files/lin44/mail/x/*
/husky/files/lin44/misc/*
/husky/files/lin44/network/*
/husky/files/lin44/node/*
/husky/files/lin44/point/*
/husky/files/lin44/projekt/hackerke/rnel/*
/husky/files/lin44/projekt/husky/*
/husky/files/lin44/projekt/husky/diffs/*
/husky/files/lin44/security/*
/husky/files/lin44/sound/*
/husky/files/lin44/spiele/*
/husky/files/lin44/sys/admin/*
/husky/files/lin44/sys/backup/*
/husky/files/lin44/sys/filesys/*
/husky/files/lin44/sys/kernel/*
/husky/files/lin44/sys/libs/*
/husky/files/lin44/sys/misc/*
/husky/files/lin44/sys/patches/*
/husky/files/lin44/sys/tools/*
/husky/files/lin44/system/admin/*
/husky/files/lin44/system/backup/*
/husky/files/lin44/system/kernel/*
/husky/files/lin44/system/libs/*
/husky/files/lin44/system/misc/*
/husky/files/lin44/system/patches/*
/husky/files/lin44/system/tools/*
/husky/files/lin44/x/*
/husky/files/lin44/x/gnome/app/*
/husky/files/lin44/x/gnome/misc/*
/husky/files/lin44/x/gnome/patch/*
/husky/files/lin44/x/gnome/sys/*
/husky/files/lin44/x/kde/app/*
/husky/files/lin44/x/kde/misc/*
/husky/files/lin44/x/kde/patch/*
/husky/files/lin44/x/kde/sys/*
/husky/files/lin44/x/misc/*
/husky/files/lin44/x/release/*
/husky/files/lin44/x/spiele/*
/husky/files/lin44/xdiv/*
/husky/files/linux/app/*
/husky/files/linux/binpc/*
/husky/files/linux/diff/*
/husky/files/linux/div/*
/husky/files/linux/fs/*
/husky/files/linux/fstools/*
/husky/files/linux/husky/cvs/arch/*
/husky/files/linux/husky/cvs/diff/*
/husky/files/linux/kp/*
/husky/files/linux/net/*
/husky/files/linux/node/*
/husky/files/linux/perlmod/*
/husky/files/linux/point/*
/husky/files/linux/txt/*
/husky/files/linux/util/*
/husky/files/linux/xapp/*
/husky/files/lxapps/*
/husky/files/lxcomm/*
/husky/files/lxdevel/*
/husky/files/lxgames/*
/husky/files/lxgnu/*
/husky/files/lxkde/*
/husky/files/lxmisc/*
/husky/files/lxnetwrk/*
/husky/files/lxpatch/*
/husky/files/lxsystem/*
/husky/files/lxx11/*
/husky/files/lxxf86/*
/husky/files/maxothr/*
/husky/files/mbl/gi_we/*
/husky/files/mx/ndif/*
/husky/files/mx/win/*
/husky/files/nodediff/*
/husky/files/nw/files/*
/husky/files/pb/test/*
/husky/files/pcs/ddsk/*
/husky/files/pcs/inf/*
/husky/files/pcs/ndl/*
/husky/files/plc2435/*
/husky/files/recliste/*
/husky/files/region24/*
/husky/files/rkllist/*
/husky/files/rklpic/*
/husky/files/rklsoft/*
/husky/files/rkltext/*
/husky/files/rules24/*
/husky/files/vpl/host/*
/husky/files/vpl/host/addo/*
/husky/files/vpl/host/cpla/*
/husky/files/vpl/host/edit/*
/husky/files/vpl/host/mapt/*
/husky/files/vpl/host/scen/*
/husky/files/vpl/host/scst/*
/husky/files/vpl/host/syso/*
/husky/files/vpl/host/vers/*
/husky/files/vpl/misc/*
/husky/files/vpl/misc/*
/husky/files/vpl/misc/simu/*
/husky/files/vpl/misc/tool/*
/husky/files/vpl/os2plane/ts/*
/husky/files/vpl/phost/*
/husky/files/vpl/play/bmps/*
/husky/files/vpl/play/clie/*
/husky/files/vpl/play/help/*
/husky/files/vpl/play/mapt/*
/husky/files/vpl/play/wave/*
/husky/files/vpl/probe/*
/husky/files/vpl/probe/*
/husky/files/vpl/stars!/*
/husky/files/vpl/tools/*
/husky/files/vpl/vgap30h/*
/husky/files/vpl/vgap30s/*
/husky/files/vpl/vgap35h/*
/husky/files/vpl/vgap35s/*
/husky/files/vplnode/*
/husky/files/vplpoint/*
/husky/files/wip/net/*
/husky/files/wip/so/analyse/*
/husky/files/wip/so/demo/*
/husky/files/wip/so/son/*
/husky/files/wip/tx/akt/berichte/*
/husky/files/wip/tx/bund/gesetz/*
/husky/files/wip/tx/bund/prot/*
/husky/files/wip/tx/jobboers/e/*
/husky/files/wip/tx/kr/ascii/*
/husky/files/wip/tx/kr/dpm/d/*
/husky/files/wip/tx/kr/histor/*
/husky/files/wip/tx/pol/prg/*
/husky/files/wip/tx/pol/son/*
/husky/files/wip/tx/wir/allg/*
/husky/files/wwb/*
/husky/files/wwb/fwdl/*
